/Users/timothykugler/IdeaProjects/IoTBay/iotbay/src/main/java/model/CartItem.java
/Users/timothykugler/IdeaProjects/IoTBay/iotbay/src/main/java/dao/PaymentDAO.java
/Users/timothykugler/IdeaProjects/IoTBay/iotbay/src/main/java/model/Address.java
/Users/timothykugler/IdeaProjects/IoTBay/iotbay/src/main/java/controllers/ProductController.java
/Users/timothykugler/IdeaProjects/IoTBay/iotbay/src/main/java/controllers/LineProductController.java
/Users/timothykugler/IdeaProjects/IoTBay/iotbay/src/main/java/model/users/Customer.java
/Users/timothykugler/IdeaProjects/IoTBay/iotbay/src/main/java/utils/DBUtil.java
/Users/timothykugler/IdeaProjects/IoTBay/iotbay/src/main/java/model/users/User.java
/Users/timothykugler/IdeaProjects/IoTBay/iotbay/src/main/java/controllers/UserController.java
/Users/timothykugler/IdeaProjects/IoTBay/iotbay/src/main/java/model/OrderItem.java
/Users/timothykugler/IdeaProjects/IoTBay/iotbay/src/main/java/dao/OrderDAO.java
/Users/timothykugler/IdeaProjects/IoTBay/iotbay/src/main/java/model/Payment.java
/Users/timothykugler/IdeaProjects/IoTBay/iotbay/src/main/java/dao/ProductDAO.java
/Users/timothykugler/IdeaProjects/IoTBay/iotbay/src/main/java/model/users/Staff.java
/Users/timothykugler/IdeaProjects/IoTBay/iotbay/src/main/java/controllers/OrderController.java
/Users/timothykugler/IdeaProjects/IoTBay/iotbay/src/main/java/dao/UserDAO.java
/Users/timothykugler/IdeaProjects/IoTBay/iotbay/src/main/java/model/users/Admin.java
/Users/timothykugler/IdeaProjects/IoTBay/iotbay/src/main/java/utils/UserUtil.java
/Users/timothykugler/IdeaProjects/IoTBay/iotbay/src/main/java/controllers/PaymentController.java
/Users/timothykugler/IdeaProjects/IoTBay/iotbay/src/main/java/model/Product.java
/Users/timothykugler/IdeaProjects/IoTBay/iotbay/src/main/java/model/LineProduct.java
/Users/timothykugler/IdeaProjects/IoTBay/iotbay/src/main/java/dao/AdressDAO.java
/Users/timothykugler/IdeaProjects/IoTBay/iotbay/src/main/java/utils/HashUtil.java
/Users/timothykugler/IdeaProjects/IoTBay/iotbay/src/main/java/controllers/AddressController.java
/Users/timothykugler/IdeaProjects/IoTBay/iotbay/src/main/java/model/Order.java
